// Jest Snapshot v1, https://goo.gl/fbAQLP

exports[`Pruebas de <MultipleCustomHooks></MultipleCustomHooks> debe de mostrar correctamente 1`] = `
<div>
  <h1>
    MultipleCustomHooks
  </h1>
  <div
    className="alert alert-info text-center"
  >
    loading...
  </div>
  <button
    className="btn btn-primary"
    onClick={[Function]}
  >
    Siguiente quote
  </button>
</div>
`;
