// Jest Snapshot v1, https://goo.gl/fbAQLP

exports[`Pruebas sobre <TodoApp></TodoApp> deberia de cargar todo el wrapper  1`] = `
<div>
  <h1>
    TodoApp (
    0
    )
  </h1>
  <hr />
  <div
    className="row"
  >
    <div
      className="col-7"
    >
      <Listado
        handleDelete={[Function]}
        handleToggle={[Function]}
        todos={Array []}
      />
    </div>
    <div
      className="col-5"
    >
      <h4>
        Agregar Todo
      </h4>
      <hr />
      <Formulario
        handleAddTodo={[Function]}
      />
    </div>
  </div>
</div>
`;
